// Jest Snapshot v1, https://goo.gl/fbAQLP

exports[`Pruebas en GiftGridItem <GiftGridItem /> se debe renderizar correctamente 1`] = `
<div
  className="card animate__animated animate__jackInTheBox animate__fast"
>
  <img
    alt="title"
    src="url"
  />
  <p>
    title
  </p>
</div>
`;
